#
# There is insufficient memory for the Java Runtime Environment to continue.
# Native memory allocation (malloc) failed to allocate 1363376 bytes. Error detail: Chunk::new
# Possible reasons:
#   The system is out of physical RAM or swap space
#   This process is running with CompressedOops enabled, and the Java Heap may be blocking the growth of the native heap
# Possible solutions:
#   Reduce memory load on the system
#   Increase physical memory or swap space
#   Check if swap backing store is full
#   Decrease Java heap size (-Xmx/-Xms)
#   Decrease number of Java threads
#   Decrease Java thread stack sizes (-Xss)
#   Set larger code cache with -XX:ReservedCodeCacheSize=
#   JVM is running with Zero Based Compressed Oops mode in which the Java heap is
#     placed in the first 32GB address space. The Java Heap base address is the
#     maximum limit for the native heap growth. Please use -XX:HeapBaseMinAddress
#     to set the Java Heap base and to place the Java Heap above 32GB virtual address.
# This output file may be truncated or incomplete.
#
#  Out of Memory Error (arena.cpp:149), pid=4352, tid=20376
#
# JRE version: Java(TM) SE Runtime Environment (23.0+37) (build 23+37-2369)
# Java VM: Java HotSpot(TM) 64-Bit Server VM (23+37-2369, mixed mode, sharing, tiered, compressed oops, compressed class ptrs, g1 gc, windows-amd64)
# No core dump will be written. Minidumps are not enabled by default on client versions of Windows
#

---------------  S U M M A R Y ------------

Command Line: --add-opens=java.base/java.lang=ALL-UNNAMED --add-opens=java.base/java.lang.invoke=ALL-UNNAMED --add-opens=java.base/java.util=ALL-UNNAMED --add-opens=java.prefs/java.util.prefs=ALL-UNNAMED --add-exports=jdk.compiler/com.sun.tools.javac.api=ALL-UNNAMED --add-exports=jdk.compiler/com.sun.tools.javac.util=ALL-UNNAMED --add-opens=java.base/java.util=ALL-UNNAMED --add-opens=java.prefs/java.util.prefs=ALL-UNNAMED --add-opens=java.base/java.nio.charset=ALL-UNNAMED --add-opens=java.base/java.net=ALL-UNNAMED --add-opens=java.base/java.util.concurrent.atomic=ALL-UNNAMED --add-opens=java.xml/javax.xml.namespace=ALL-UNNAMED -XX:MaxMetaspaceSize=4G -XX:ReservedCodeCacheSize=512m -XX:+HeapDumpOnOutOfMemoryError -Xmx8G -Dfile.encoding=UTF-8 -Duser.country=US -Duser.language=en -Duser.variant -javaagent:C:\Users\syahr\.gradle\wrapper\dists\gradle-8.14-all\c2qonpi39x1mddn7hk5gh9iqj\gradle-8.14\lib\agents\gradle-instrumentation-agent-8.14.jar org.gradle.launcher.daemon.bootstrap.GradleDaemon 8.14

Host: Intel(R) Core(TM) i3-1005G1 CPU @ 1.20GHz, 4 cores, 3G,  Windows 11 , 64 bit Build 26100 (10.0.26100.7920)
Time: Fri May  1 23:10:43 2026 SE Asia Standard Time elapsed time: 149.181311 seconds (0d 0h 2m 29s)

---------------  T H R E A D  ---------------

Current thread (0x000001f5775ecc20):  JavaThread "C2 CompilerThread0" daemon [_thread_in_native, id=20376, stack(0x0000006a64d00000,0x0000006a64e00000) (1024K)]


Current CompileTask:
C2:149181 20544       4       groovy.lang.MetaClassImpl::makeReplacementMetaProperty (241 bytes)

Stack: [0x0000006a64d00000,0x0000006a64e00000]
Native frames: (J=compiled Java code, j=interpreted, Vv=VM code, C=native code)
V  [jvm.dll+0x6e08a9]  (no source info available)
V  [jvm.dll+0x87da63]  (no source info available)
V  [jvm.dll+0x87feee]  (no source info available)
V  [jvm.dll+0x8805c3]  (no source info available)
V  [jvm.dll+0x27aee6]  (no source info available)
V  [jvm.dll+0xbc06f]  (no source info available)
V  [jvm.dll+0xbc2cb]  (no source info available)
V  [jvm.dll+0x3b3a62]  (no source info available)
V  [jvm.dll+0x38a42b]  (no source info available)
V  [jvm.dll+0x38989a]  (no source info available)
V  [jvm.dll+0x244aa1]  (no source info available)
V  [jvm.dll+0x243dff]  (no source info available)
V  [jvm.dll+0x1c33a0]  (no source info available)
V  [jvm.dll+0x253cf1]  (no source info available)
V  [jvm.dll+0x251faa]  (no source info available)
V  [jvm.dll+0x3ee036]  (no source info available)
V  [jvm.dll+0x824f1b]  (no source info available)
V  [jvm.dll+0x6df055]  (no source info available)
C  [ucrtbase.dll+0x37b0]  (no source info available)
C  [KERNEL32.DLL+0x2e8d7]  (no source info available)
C  [ntdll.dll+0x8c48c]  (no source info available)

Lock stack of current Java thread (top to bottom):


---------------  P R O C E S S  ---------------

Threads class SMR info:
_java_thread_list=0x000001f5d22f6a20, length=47, elements={
0x000001f540736a00, 0x000001f5775e2950, 0x000001f5775e41e0, 0x000001f5775e9be0,
0x000001f5775ea770, 0x000001f5775eb1d0, 0x000001f5775ebc30, 0x000001f5775ecc20,
0x000001f5775f3c10, 0x000001f577a65d00, 0x000001f577c28120, 0x000001f5be161440,
0x000001f577d0ce30, 0x000001f5be86da80, 0x000001f5bea33470, 0x000001f5be920500,
0x000001f5be920b90, 0x000001f5be921220, 0x000001f5be922c60, 0x000001f5c040b300,
0x000001f5c0409f50, 0x000001f5c040b990, 0x000001f5c0408ba0, 0x000001f5c0408510,
0x000001f5c040c020, 0x000001f5c040e0f0, 0x000001f5c17b8900, 0x000001f5d306fa90,
0x000001f5d3069eb0, 0x000001f5d3067de0, 0x000001f5d3068470, 0x000001f5d306c610,
0x000001f5d306d9c0, 0x000001f5d30714d0, 0x000001f5d306e050, 0x000001f5d3071b60,
0x000001f5d306e6e0, 0x000001f5d30742c0, 0x000001f5d30721f0, 0x000001f5d3072f10,
0x000001f5c067a220, 0x000001f5c0677430, 0x000001f5c0676da0, 0x000001f5c067af40,
0x000001f5c0678e70, 0x000001f5c0677ac0, 0x000001f5c067b5d0
}

Java Threads: ( => current thread )
  0x000001f540736a00 JavaThread "main"                              [_thread_blocked, id=11536, stack(0x0000006a63f00000,0x0000006a64000000) (1024K)]
  0x000001f5775e2950 JavaThread "Reference Handler"          daemon [_thread_blocked, id=10352, stack(0x0000006a64700000,0x0000006a64800000) (1024K)]
  0x000001f5775e41e0 JavaThread "Finalizer"                  daemon [_thread_blocked, id=12984, stack(0x0000006a64800000,0x0000006a64900000) (1024K)]
  0x000001f5775e9be0 JavaThread "Signal Dispatcher"          daemon [_thread_blocked, id=13756, stack(0x0000006a64900000,0x0000006a64a00000) (1024K)]
  0x000001f5775ea770 JavaThread "Attach Listener"            daemon [_thread_blocked, id=9492, stack(0x0000006a64a00000,0x0000006a64b00000) (1024K)]
  0x000001f5775eb1d0 JavaThread "Service Thread"             daemon [_thread_blocked, id=3004, stack(0x0000006a64b00000,0x0000006a64c00000) (1024K)]
  0x000001f5775ebc30 JavaThread "Monitor Deflation Thread"   daemon [_thread_blocked, id=15268, stack(0x0000006a64c00000,0x0000006a64d00000) (1024K)]
=>0x000001f5775ecc20 JavaThread "C2 CompilerThread0"         daemon [_thread_in_native, id=20376, stack(0x0000006a64d00000,0x0000006a64e00000) (1024K)]
  0x000001f5775f3c10 JavaThread "C1 CompilerThread0"         daemon [_thread_blocked, id=10304, stack(0x0000006a64e00000,0x0000006a64f00000) (1024K)]
  0x000001f577a65d00 JavaThread "Common-Cleaner"             daemon [_thread_blocked, id=16980, stack(0x0000006a64f00000,0x0000006a65000000) (1024K)]
  0x000001f577c28120 JavaThread "Notification Thread"        daemon [_thread_blocked, id=15112, stack(0x0000006a65000000,0x0000006a65100000) (1024K)]
  0x000001f5be161440 JavaThread "Daemon health stats"               [_thread_in_vm, id=21248, stack(0x0000006a65500000,0x0000006a65600000) (1024K)]
  0x000001f577d0ce30 JavaThread "Incoming local TCP Connector on port 65066"        [_thread_in_native, id=21180, stack(0x0000006a65600000,0x0000006a65700000) (1024K)]
  0x000001f5be86da80 JavaThread "Daemon periodic checks"            [_thread_blocked, id=20628, stack(0x0000006a65700000,0x0000006a65800000) (1024K)]
  0x000001f5bea33470 JavaThread "Daemon"                            [_thread_blocked, id=17416, stack(0x0000006a65800000,0x0000006a65900000) (1024K)]
  0x000001f5be920500 JavaThread "Daemon worker"                     [_thread_in_vm, id=13628, stack(0x0000006a65b00000,0x0000006a65c00000) (1024K)]
  0x000001f5be920b90 JavaThread "Cache worker for journal cache (C:\Users\syahr\.gradle\caches\journal-1)"        [_thread_blocked, id=14288, stack(0x0000006a65f00000,0x0000006a66000000) (1024K)]
  0x000001f5be921220 JavaThread "File lock request listener"        [_thread_in_native, id=11868, stack(0x0000006a66000000,0x0000006a66100000) (1024K)]
  0x000001f5be922c60 JavaThread "Cache worker for file hash cache (C:\Users\syahr\.gradle\caches\8.14\fileHashes)"        [_thread_blocked, id=12040, stack(0x0000006a66100000,0x0000006a66200000) (1024K)]
  0x000001f5c040b300 JavaThread "File watcher server"        daemon [_thread_in_native, id=19536, stack(0x0000006a66400000,0x0000006a66500000) (1024K)]
  0x000001f5c0409f50 JavaThread "File watcher consumer"      daemon [_thread_blocked, id=4268, stack(0x0000006a66500000,0x0000006a66600000) (1024K)]
  0x000001f5c040b990 JavaThread "jar transforms"                    [_thread_blocked, id=6784, stack(0x0000006a66600000,0x0000006a66700000) (1024K)]
  0x000001f5c0408ba0 JavaThread "jar transforms Thread 2"           [_thread_blocked, id=10760, stack(0x0000006a66700000,0x0000006a66800000) (1024K)]
  0x000001f5c0408510 JavaThread "jar transforms Thread 3"           [_thread_blocked, id=20228, stack(0x0000006a66800000,0x0000006a66900000) (1024K)]
  0x000001f5c040c020 JavaThread "jar transforms Thread 4"           [_thread_blocked, id=6840, stack(0x0000006a66900000,0x0000006a66a00000) (1024K)]
  0x000001f5c040e0f0 JavaThread "Cache worker for file content cache (C:\Users\syahr\.gradle\caches\8.14\fileContent)"        [_thread_blocked, id=15356, stack(0x0000006a66b00000,0x0000006a66c00000) (1024K)]
  0x000001f5c17b8900 JavaThread "Memory manager"                    [_thread_blocked, id=6928, stack(0x0000006a67700000,0x0000006a67800000) (1024K)]
  0x000001f5d306fa90 JavaThread "included builds Thread 2"          [_thread_blocked, id=12276, stack(0x0000006a69900000,0x0000006a69a00000) (1024K)]
  0x000001f5d3069eb0 JavaThread "VFS cleanup"                       [_thread_blocked, id=18376, stack(0x0000006a63c00000,0x0000006a63d00000) (1024K)]
  0x000001f5d3067de0 JavaThread "Handler for socket connection from /127.0.0.1:65066 to /127.0.0.1:54081"        [_thread_in_native, id=11024, stack(0x0000006a63d00000,0x0000006a63e00000) (1024K)]
  0x000001f5d3068470 JavaThread "Cancel handler"                    [_thread_blocked, id=20592, stack(0x0000006a63e00000,0x0000006a63f00000) (1024K)]
  0x000001f5d306c610 JavaThread "Asynchronous log dispatcher for DefaultDaemonConnection: socket connection from /127.0.0.1:65066 to /127.0.0.1:54081"        [_thread_blocked, id=9040, stack(0x0000006a65900000,0x0000006a65a00000) (1024K)]
  0x000001f5d306d9c0 JavaThread "Stdin handler"                     [_thread_blocked, id=13416, stack(0x0000006a65a00000,0x0000006a65b00000) (1024K)]
  0x000001f5d30714d0 JavaThread "Daemon client event forwarder"        [_thread_blocked, id=9876, stack(0x0000006a65c00000,0x0000006a65d00000) (1024K)]
  0x000001f5d306e050 JavaThread "Cache worker for file hash cache (D:\semester4\PemogramanMobile\Praktikum5\android\.gradle\8.14\fileHashes)"        [_thread_blocked, id=16060, stack(0x0000006a65d00000,0x0000006a65e00000) (1024K)]
  0x000001f5d3071b60 JavaThread "Cache worker for Build Output Cleanup Cache (D:\semester4\PemogramanMobile\Praktikum5\android\.gradle\buildOutputCleanup)"        [_thread_blocked, id=16572, stack(0x0000006a65e00000,0x0000006a65f00000) (1024K)]
  0x000001f5d306e6e0 JavaThread "Cache worker for checksums cache (D:\semester4\PemogramanMobile\Praktikum5\android\.gradle\8.14\checksums)"        [_thread_blocked, id=13120, stack(0x0000006a66200000,0x0000006a66300000) (1024K)]
  0x000001f5d30742c0 JavaThread "Cache worker for cache directory md-supplier (C:\Users\syahr\.gradle\caches\8.14\md-supplier)"        [_thread_blocked, id=14680, stack(0x0000006a66300000,0x0000006a66400000) (1024K)]
  0x000001f5d30721f0 JavaThread "Cache worker for cache directory md-rule (C:\Users\syahr\.gradle\caches\8.14\md-rule)"        [_thread_blocked, id=10572, stack(0x0000006a66a00000,0x0000006a66b00000) (1024K)]
  0x000001f5d3072f10 JavaThread "Cache worker for Build Output Cleanup Cache (C:\src\flutter\packages\flutter_tools\gradle\.gradle\buildOutputCleanup)"        [_thread_blocked, id=4292, stack(0x0000006a66c00000,0x0000006a66d00000) (1024K)]
  0x000001f5c067a220 JavaThread "Unconstrained build operations"        [_thread_blocked, id=7576, stack(0x0000006a66d00000,0x0000006a66e00000) (1024K)]
  0x000001f5c0677430 JavaThread "Unconstrained build operations Thread 2"        [_thread_blocked, id=3204, stack(0x0000006a66e00000,0x0000006a66f00000) (1024K)]
  0x000001f5c0676da0 JavaThread "Unconstrained build operations Thread 3"        [_thread_blocked, id=18808, stack(0x0000006a66f00000,0x0000006a67000000) (1024K)]
  0x000001f5c067af40 JavaThread "Unconstrained build operations Thread 4"        [_thread_blocked, id=608, stack(0x0000006a67000000,0x0000006a67100000) (1024K)]
  0x000001f5c0678e70 JavaThread "Unconstrained build operations Thread 5"        [_thread_blocked, id=16380, stack(0x0000006a67100000,0x0000006a67200000) (1024K)]
  0x000001f5c0677ac0 JavaThread "Unconstrained build operations Thread 6"        [_thread_blocked, id=16232, stack(0x0000006a67200000,0x0000006a67300000) (1024K)]
  0x000001f5c067b5d0 JavaThread "build event listener"              [_thread_blocked, id=5104, stack(0x0000006a67300000,0x0000006a67400000) (1024K)]
Total: 47

Other Threads:
  0x000001f5775c71e0 VMThread "VM Thread"                           [id=9080, stack(0x0000006a64600000,0x0000006a64700000) (1024K)]
  0x000001f5775b52b0 WatcherThread "VM Periodic Task Thread"        [id=9116, stack(0x0000006a64500000,0x0000006a64600000) (1024K)]
  0x000001f542aa5ae0 WorkerThread "GC Thread#0"                     [id=9052, stack(0x0000006a64000000,0x0000006a64100000) (1024K)]
  0x000001f577ca30c0 WorkerThread "GC Thread#1"                     [id=9592, stack(0x0000006a65100000,0x0000006a65200000) (1024K)]
  0x000001f5bd012b00 WorkerThread "GC Thread#2"                     [id=20456, stack(0x0000006a65200000,0x0000006a65300000) (1024K)]
  0x000001f577d8be80 WorkerThread "GC Thread#3"                     [id=21436, stack(0x0000006a65300000,0x0000006a65400000) (1024K)]
  0x000001f542abaac0 ConcurrentGCThread "G1 Main Marker"            [id=19332, stack(0x0000006a64100000,0x0000006a64200000) (1024K)]
  0x000001f542abb4e0 WorkerThread "G1 Conc#0"                       [id=5224, stack(0x0000006a64200000,0x0000006a64300000) (1024K)]
  0x000001f577480400 ConcurrentGCThread "G1 Refine#0"               [id=10348, stack(0x0000006a64300000,0x0000006a64400000) (1024K)]
  0x000001f577480e90 ConcurrentGCThread "G1 Service"                [id=14508, stack(0x0000006a64400000,0x0000006a64500000) (1024K)]
Total: 10

Threads with active compile tasks:
C2 CompilerThread0  149382 20544       4       groovy.lang.MetaClassImpl::makeReplacementMetaProperty (241 bytes)
Total: 1

VM state: not at safepoint (normal execution)

VM Mutex/Monitor currently owned by a thread: None

Heap address: 0x0000000600000000, size: 8192 MB, Compressed Oops mode: Zero based, Oop shift amount: 3

CDS archive(s) mapped at: [0x000001f578000000-0x000001f578d70000-0x000001f578d70000), size 14090240, SharedBaseAddress: 0x000001f578000000, ArchiveRelocationMode: 1.
Compressed class space mapped at: 0x000001f579000000-0x000001f5b9000000, reserved size: 1073741824
Narrow klass base: 0x000001f578000000, Narrow klass shift: 0, Narrow klass range: 0x41000000

GC Precious Log:
 CardTable entry size: 512
 Card Set container configuration: InlinePtr #cards 4 size 8 Array Of Cards #cards 32 size 80 Howl #buckets 8 coarsen threshold 7372 Howl Bitmap #cards 1024 size 144 coarsen threshold 921 Card regions per heap region 1 cards per card region 8192
 CPUs: 4 total, 4 available
 Memory: 3836M
 Large Page Support: Disabled
 NUMA Support: Disabled
 Compressed Oops: Enabled (Zero based)
 Heap Region Size: 4M
 Heap Min Capacity: 8M
 Heap Initial Capacity: 60M
 Heap Max Capacity: 8G
 Pre-touch: Disabled
 Parallel Workers: 4
 Concurrent Workers: 1
 Concurrent Refinement Workers: 4
 Periodic GC: Disabled

Heap:
 garbage-first heap   total reserved 8388608K, committed 339968K, used 257396K [0x0000000600000000, 0x0000000800000000)
  region size 4096K, 18 young (73728K), 3 survivors (12288K)
 Metaspace       used 175149K, committed 178240K, reserved 1245184K
  class space    used 24029K, committed 25472K, reserved 1048576K

Heap Regions: E=young(eden), S=young(survivor), O=old, HS=humongous(starts), HC=humongous(continues), CS=collection set, F=free, TAMS=top-at-mark-start, PB=parsable bottom
|   0|0x0000000600000000, 0x0000000600400000, 0x0000000600400000|100%|HS|  |TAMS 0x0000000600000000| PB 0x0000000600000000| Complete |  0
|   1|0x0000000600400000, 0x0000000600800000, 0x0000000600800000|100%| O|  |TAMS 0x0000000600400000| PB 0x0000000600400000| Untracked |  0
|   2|0x0000000600800000, 0x0000000600c00000, 0x0000000600c00000|100%| O|  |TAMS 0x0000000600800000| PB 0x0000000600800000| Untracked |  0
|   3|0x0000000600c00000, 0x0000000601000000, 0x0000000601000000|100%| O|  |TAMS 0x0000000600c00000| PB 0x0000000600c00000| Untracked |  0
|   4|0x0000000601000000, 0x0000000601400000, 0x0000000601400000|100%| O|  |TAMS 0x0000000601000000| PB 0x0000000601000000| Untracked |  0
|   5|0x0000000601400000, 0x0000000601800000, 0x0000000601800000|100%| O|  |TAMS 0x0000000601400000| PB 0x0000000601400000| Untracked |  0
|   6|0x0000000601800000, 0x0000000601c00000, 0x0000000601c00000|100%| O|  |TAMS 0x0000000601800000| PB 0x0000000601800000| Untracked |  0
|   7|0x0000000601c00000, 0x0000000602000000, 0x0000000602000000|100%| O|  |TAMS 0x0000000601c00000| PB 0x0000000601c00000| Untracked |  0
|   8|0x0000000602000000, 0x0000000602400000, 0x0000000602400000|100%| O|  |TAMS 0x0000000602000000| PB 0x0000000602000000| Untracked |  0
|   9|0x0000000602400000, 0x0000000602800000, 0x0000000602800000|100%| O|  |TAMS 0x0000000602400000| PB 0x0000000602400000| Untracked |  0
|  10|0x0000000602800000, 0x0000000602c00000, 0x0000000602c00000|100%| O|  |TAMS 0x0000000602800000| PB 0x0000000602800000| Untracked |  0
|  11|0x0000000602c00000, 0x0000000603000000, 0x0000000603000000|100%| O|  |TAMS 0x0000000602c00000| PB 0x0000000602c00000| Untracked |  0
|  12|0x0000000603000000, 0x0000000603400000, 0x0000000603400000|100%| O|  |TAMS 0x0000000603000000| PB 0x0000000603000000| Untracked |  0
|  13|0x0000000603400000, 0x0000000603800000, 0x0000000603800000|100%|HS|  |TAMS 0x0000000603400000| PB 0x0000000603400000| Complete |  0
|  14|0x0000000603800000, 0x0000000603c00000, 0x0000000603c00000|100%|HS|  |TAMS 0x0000000603800000| PB 0x0000000603800000| Complete |  0
|  15|0x0000000603c00000, 0x0000000604000000, 0x0000000604000000|100%| O|  |TAMS 0x0000000603c00000| PB 0x0000000603c00000| Untracked |  0
|  16|0x0000000604000000, 0x0000000604400000, 0x0000000604400000|100%| O|  |TAMS 0x0000000604000000| PB 0x0000000604000000| Untracked |  0
|  17|0x0000000604400000, 0x0000000604800000, 0x0000000604800000|100%| O|  |TAMS 0x0000000604400000| PB 0x0000000604400000| Untracked |  0
|  18|0x0000000604800000, 0x0000000604c00000, 0x0000000604c00000|100%| O|  |TAMS 0x0000000604800000| PB 0x0000000604800000| Untracked |  0
|  19|0x0000000604c00000, 0x0000000605000000, 0x0000000605000000|100%| O|  |TAMS 0x0000000604c00000| PB 0x0000000604c00000| Untracked |  0
|  20|0x0000000605000000, 0x0000000605400000, 0x0000000605400000|100%| O|  |TAMS 0x0000000605000000| PB 0x0000000605000000| Untracked |  0
|  21|0x0000000605400000, 0x0000000605800000, 0x0000000605800000|100%| O|  |TAMS 0x0000000605400000| PB 0x0000000605400000| Untracked |  0
|  22|0x0000000605800000, 0x0000000605c00000, 0x0000000605c00000|100%| O|  |TAMS 0x0000000605800000| PB 0x0000000605800000| Untracked |  0
|  23|0x0000000605c00000, 0x0000000606000000, 0x0000000606000000|100%| O|  |TAMS 0x0000000605c00000| PB 0x0000000605c00000| Untracked |  0
|  24|0x0000000606000000, 0x0000000606400000, 0x0000000606400000|100%| O|  |TAMS 0x0000000606000000| PB 0x0000000606000000| Untracked |  0
|  25|0x0000000606400000, 0x0000000606800000, 0x0000000606800000|100%| O|  |TAMS 0x0000000606400000| PB 0x0000000606400000| Untracked |  0
|  26|0x0000000606800000, 0x0000000606c00000, 0x0000000606c00000|100%| O|  |TAMS 0x0000000606800000| PB 0x0000000606800000| Untracked |  0
|  27|0x0000000606c00000, 0x0000000607000000, 0x0000000607000000|100%| O|  |TAMS 0x0000000606c00000| PB 0x0000000606c00000| Untracked |  0
|  28|0x0000000607000000, 0x0000000607400000, 0x0000000607400000|100%| O|  |TAMS 0x0000000607000000| PB 0x0000000607000000| Untracked |  0
|  29|0x0000000607400000, 0x0000000607800000, 0x0000000607800000|100%| O|  |TAMS 0x0000000607400000| PB 0x0000000607400000| Untracked |  0
|  30|0x0000000607800000, 0x0000000607c00000, 0x0000000607c00000|100%| O|  |TAMS 0x0000000607800000| PB 0x0000000607800000| Untracked |  0
|  31|0x0000000607c00000, 0x0000000608000000, 0x0000000608000000|100%| O|  |TAMS 0x0000000607c00000| PB 0x0000000607c00000| Untracked |  0
|  32|0x0000000608000000, 0x0000000608400000, 0x0000000608400000|100%| O|  |TAMS 0x0000000608000000| PB 0x0000000608000000| Untracked |  0
|  33|0x0000000608400000, 0x0000000608800000, 0x0000000608800000|100%| O|  |TAMS 0x0000000608400000| PB 0x0000000608400000| Untracked |  0
|  34|0x0000000608800000, 0x0000000608c00000, 0x0000000608c00000|100%| O|  |TAMS 0x0000000608800000| PB 0x0000000608800000| Untracked |  0
|  35|0x0000000608c00000, 0x0000000609000000, 0x0000000609000000|100%| O|  |TAMS 0x0000000608c00000| PB 0x0000000608c00000| Untracked |  0
|  36|0x0000000609000000, 0x0000000609400000, 0x0000000609400000|100%| O|  |TAMS 0x0000000609000000| PB 0x0000000609000000| Untracked |  0
|  37|0x0000000609400000, 0x0000000609800000, 0x0000000609800000|100%| O|  |TAMS 0x0000000609400000| PB 0x0000000609400000| Untracked |  0
|  38|0x0000000609800000, 0x0000000609c00000, 0x0000000609c00000|100%| O|  |TAMS 0x0000000609800000| PB 0x0000000609800000| Untracked |  0
|  39|0x0000000609c00000, 0x000000060a000000, 0x000000060a000000|100%| O|  |TAMS 0x0000000609c00000| PB 0x0000000609c00000| Untracked |  0
|  40|0x000000060a000000, 0x000000060a400000, 0x000000060a400000|100%| O|  |TAMS 0x000000060a000000| PB 0x000000060a000000| Untracked |  0
|  41|0x000000060a400000, 0x000000060a800000, 0x000000060a800000|100%| O|  |TAMS 0x000000060a400000| PB 0x000000060a400000| Untracked |  0
|  42|0x000000060a800000, 0x000000060ac00000, 0x000000060ac00000|100%| O|  |TAMS 0x000000060a800000| PB 0x000000060a800000| Untracked |  0
|  43|0x000000060ac00000, 0x000000060b000000, 0x000000060b000000|100%| O|  |TAMS 0x000000060ac00000| PB 0x000000060ac00000| Untracked |  0
|  44|0x000000060b000000, 0x000000060b400000, 0x000000060b400000|100%| O|  |TAMS 0x000000060b000000| PB 0x000000060b000000| Untracked |  0
|  45|0x000000060b400000, 0x000000060b800000, 0x000000060b800000|100%| O|  |TAMS 0x000000060b400000| PB 0x000000060b400000| Untracked |  0
|  46|0x000000060b800000, 0x000000060bab1870, 0x000000060bc00000| 67%| O|  |TAMS 0x000000060b800000| PB 0x000000060b800000| Untracked |  0
|  47|0x000000060bc00000, 0x000000060bc00000, 0x000000060c000000|  0%| F|  |TAMS 0x000000060bc00000| PB 0x000000060bc00000| Untracked |  0
|  48|0x000000060c000000, 0x000000060c000000, 0x000000060c400000|  0%| F|  |TAMS 0x000000060c000000| PB 0x000000060c000000| Untracked |  0
|  49|0x000000060c400000, 0x000000060c400000, 0x000000060c800000|  0%| F|  |TAMS 0x000000060c400000| PB 0x000000060c400000| Untracked |  0
|  50|0x000000060c800000, 0x000000060c800000, 0x000000060cc00000|  0%| F|  |TAMS 0x000000060c800000| PB 0x000000060c800000| Untracked |  0
|  51|0x000000060cc00000, 0x000000060cc00000, 0x000000060d000000|  0%| F|  |TAMS 0x000000060cc00000| PB 0x000000060cc00000| Untracked |  0
|  52|0x000000060d000000, 0x000000060d0aba38, 0x000000060d400000| 16%| S|CS|TAMS 0x000000060d000000| PB 0x000000060d000000| Complete |  0
|  53|0x000000060d400000, 0x000000060d800000, 0x000000060d800000|100%| S|CS|TAMS 0x000000060d400000| PB 0x000000060d400000| Complete |  0
|  54|0x000000060d800000, 0x000000060d800000, 0x000000060dc00000|  0%| F|  |TAMS 0x000000060d800000| PB 0x000000060d800000| Untracked |  0
|  55|0x000000060dc00000, 0x000000060e000000, 0x000000060e000000|100%| S|CS|TAMS 0x000000060dc00000| PB 0x000000060dc00000| Complete |  0
|  56|0x000000060e000000, 0x000000060e000000, 0x000000060e400000|  0%| F|  |TAMS 0x000000060e000000| PB 0x000000060e000000| Untracked |  0
|  57|0x000000060e400000, 0x000000060e400000, 0x000000060e800000|  0%| F|  |TAMS 0x000000060e400000| PB 0x000000060e400000| Untracked |  0
|  58|0x000000060e800000, 0x000000060e800000, 0x000000060ec00000|  0%| F|  |TAMS 0x000000060e800000| PB 0x000000060e800000| Untracked |  0
|  59|0x000000060ec00000, 0x000000060ec00000, 0x000000060f000000|  0%| F|  |TAMS 0x000000060ec00000| PB 0x000000060ec00000| Untracked |  0
|  60|0x000000060f000000, 0x000000060f000000, 0x000000060f400000|  0%| F|  |TAMS 0x000000060f000000| PB 0x000000060f000000| Untracked |  0
|  61|0x000000060f400000, 0x000000060f400000, 0x000000060f800000|  0%| F|  |TAMS 0x000000060f400000| PB 0x000000060f400000| Untracked |  0
|  62|0x000000060f800000, 0x000000060f800000, 0x000000060fc00000|  0%| F|  |TAMS 0x000000060f800000| PB 0x000000060f800000| Untracked |  0
|  63|0x000000060fc00000, 0x000000060fc00000, 0x0000000610000000|  0%| F|  |TAMS 0x000000060fc00000| PB 0x000000060fc00000| Untracked |  0
|  64|0x0000000610000000, 0x0000000610000000, 0x0000000610400000|  0%| F|  |TAMS 0x0000000610000000| PB 0x0000000610000000| Untracked |  0
|  65|0x0000000610400000, 0x0000000610400000, 0x0000000610800000|  0%| F|  |TAMS 0x0000000610400000| PB 0x0000000610400000| Untracked |  0
|  66|0x0000000610800000, 0x0000000610800000, 0x0000000610c00000|  0%| F|  |TAMS 0x0000000610800000| PB 0x0000000610800000| Untracked |  0
|  67|0x0000000610c00000, 0x0000000610c00000, 0x0000000611000000|  0%| F|  |TAMS 0x0000000610c00000| PB 0x0000000610c00000| Untracked |  0
|  68|0x0000000611000000, 0x0000000611252f70, 0x0000000611400000| 58%| E|  |TAMS 0x0000000611000000| PB 0x0000000611000000| Complete |  0
|  69|0x0000000611400000, 0x0000000611800000, 0x0000000611800000|100%| E|CS|TAMS 0x0000000611400000| PB 0x0000000611400000| Complete |  0
|  70|0x0000000611800000, 0x0000000611c00000, 0x0000000611c00000|100%| E|CS|TAMS 0x0000000611800000| PB 0x0000000611800000| Complete |  0
|  71|0x0000000611c00000, 0x0000000612000000, 0x0000000612000000|100%| E|CS|TAMS 0x0000000611c00000| PB 0x0000000611c00000| Complete |  0
|  72|0x0000000612000000, 0x0000000612400000, 0x0000000612400000|100%| E|CS|TAMS 0x0000000612000000| PB 0x0000000612000000| Complete |  0
|  73|0x0000000612400000, 0x0000000612800000, 0x0000000612800000|100%| E|CS|TAMS 0x0000000612400000| PB 0x0000000612400000| Complete |  0
|  74|0x0000000612800000, 0x0000000612c00000, 0x0000000612c00000|100%| E|CS|TAMS 0x0000000612800000| PB 0x0000000612800000| Complete |  0
|  75|0x0000000612c00000, 0x0000000613000000, 0x0000000613000000|100%| E|CS|TAMS 0x0000000612c00000| PB 0x0000000612c00000| Complete |  0
|  76|0x0000000613000000, 0x0000000613400000, 0x0000000613400000|100%| E|CS|TAMS 0x0000000613000000| PB 0x0000000613000000| Complete |  0
|  77|0x0000000613400000, 0x0000000613800000, 0x0000000613800000|100%| E|CS|TAMS 0x0000000613400000| PB 0x0000000613400000| Complete |  0
|  78|0x0000000613800000, 0x0000000613c00000, 0x0000000613c00000|100%| E|CS|TAMS 0x0000000613800000| PB 0x0000000613800000| Complete |  0
|  79|0x0000000613c00000, 0x0000000614000000, 0x0000000614000000|100%| E|CS|TAMS 0x0000000613c00000| PB 0x0000000613c00000| Complete |  0
|  80|0x0000000614000000, 0x0000000614400000, 0x0000000614400000|100%| E|CS|TAMS 0x0000000614000000| PB 0x0000000614000000| Complete |  0
|  81|0x0000000614400000, 0x0000000614800000, 0x0000000614800000|100%| E|CS|TAMS 0x0000000614400000| PB 0x0000000614400000| Complete |  0
|  82|0x0000000614800000, 0x0000000614c00000, 0x0000000614c00000|100%| E|CS|TAMS 0x0000000614800000| PB 0x0000000614800000| Complete |  0

Card table byte_map: [0x000001f56c350000,0x000001f56d350000] _byte_map_base: 0x000001f569350000

Marking Bits: (CMBitMap*) 0x000001f542aa6100
 Bits: [0x000001f56d350000, 0x000001f575350000)

Polling page: 0x000001f540800000

Metaspace:

Usage:
  Non-class:    147.58 MB used.
      Class:     23.47 MB used.
       Both:    171.04 MB used.

Virtual space:
  Non-class space:      192.00 MB reserved,     149.19 MB ( 78%) committed,  3 nodes.
      Class space:        1.00 GB reserved,      24.88 MB (  2%) committed,  1 nodes.
             Both:        1.19 GB reserved,     174.06 MB ( 14%) committed. 

Chunk freelists:
   Non-Class:  10.20 MB
       Class:  7.14 MB
        Both:  17.34 MB

MaxMetaspaceSize: 4.00 GB
CompressedClassSpaceSize: 1.00 GB
Initial GC threshold: 21.00 MB
Current GC threshold: 207.31 MB
CDS: on
 - commit_granule_bytes: 65536.
 - commit_granule_words: 8192.
 - virtual_space_node_default_size: 8388608.
 - enlarge_chunks_in_place: 1.
 - use_allocation_guard: 0.


Internal statistics:

num_allocs_failed_limit: 3.
num_arena_births: 5354.
num_arena_deaths: 0.
num_vsnodes_births: 4.
num_vsnodes_deaths: 0.
num_space_committed: 2784.
num_space_uncommitted: 0.
num_chunks_returned_to_freelist: 3.
num_chunks_taken_from_freelist: 12751.
num_chunk_merges: 3.
num_chunk_splits: 8875.
num_chunks_enlarged: 6157.
num_inconsistent_stats: 0.

CodeHeap 'non-profiled nmethods': size=259328Kb used=9826Kb max_used=9826Kb free=249501Kb
 bounds [0x000001f55b3f0000, 0x000001f55bd90000, 0x000001f56b130000]
CodeHeap 'profiled nmethods': size=259264Kb used=30419Kb max_used=30419Kb free=228844Kb
 bounds [0x000001f54b130000, 0x000001f54cef0000, 0x000001f55ae60000]
CodeHeap 'non-nmethods': size=5696Kb used=3535Kb max_used=3578Kb free=2160Kb
 bounds [0x000001f55ae60000, 0x000001f55b1f0000, 0x000001f55b3f0000]
CodeCache: size=524288Kb, used=43780Kb, max_used=43823Kb, free=480505Kb
 total_blobs=19612, nmethods=18333, adapters=1179, full_count=0
Compilation: enabled, stopped_count=0, restarted_count=0

Compilation events (20 events):
Event: 148.754 Thread 0x000001f5775f3c10 nmethod 20538 0x000001f54cedd508 code [0x000001f54cedd7a0, 0x000001f54cedec20]
Event: 149.019 Thread 0x000001f5775f3c10 20539       3       org.codehaus.groovy.reflection.CachedClass$CachedMethodComparatorWithString::compare (37 bytes)
Event: 149.020 Thread 0x000001f5775f3c10 nmethod 20539 0x000001f54ceded08 code [0x000001f54cedee80, 0x000001f54cedf5a8]
Event: 149.021 Thread 0x000001f5775f3c10 20540   !   3       org.gradle.groovy.scripts.internal.DefaultScriptCompilationHandler$ScriptClassLoader::loadClass (68 bytes)
Event: 149.022 Thread 0x000001f5775f3c10 nmethod 20540 0x000001f54cedf608 code [0x000001f54cedf7e0, 0x000001f54cee0048]
Event: 149.049 Thread 0x000001f5775f3c10 20541       3       org.codehaus.groovy.reflection.CachedClass$1::initValue (5 bytes)
Event: 149.053 Thread 0x000001f5775ecc20 20544       4       groovy.lang.MetaClassImpl::makeReplacementMetaProperty (241 bytes)
Event: 149.054 Thread 0x000001f5775f3c10 nmethod 20541 0x000001f54cee0088 code [0x000001f54cee0260, 0x000001f54cee0b70]
Event: 149.054 Thread 0x000001f5775f3c10 20542       3       org.codehaus.groovy.reflection.CachedClass$1::initValue (15 bytes)
Event: 149.055 Thread 0x000001f5775f3c10 nmethod 20542 0x000001f54cee0c08 code [0x000001f54cee0dc0, 0x000001f54cee1658]
Event: 149.055 Thread 0x000001f5775f3c10 20543       3       org.codehaus.groovy.reflection.CachedClass$1$$Lambda/0x000001f57953b9b0::<init> (10 bytes)
Event: 149.055 Thread 0x000001f5775f3c10 nmethod 20543 0x000001f54cee1708 code [0x000001f54cee1820, 0x000001f54cee19e0]
Event: 149.100 Thread 0x000001f5775f3c10 20546       3       java.lang.invoke.BoundMethodHandle$Species_LLLLL::copyWith (36 bytes)
Event: 149.101 Thread 0x000001f5775f3c10 nmethod 20546 0x000001f54cee1a08 code [0x000001f54cee1b60, 0x000001f54cee1fd0]
Event: 149.118 Thread 0x000001f5775f3c10 20547       3       java.util.stream.IntPipeline$1$1::accept (23 bytes)
Event: 149.120 Thread 0x000001f5775f3c10 nmethod 20547 0x000001f54cee2008 code [0x000001f54cee2140, 0x000001f54cee2408]
Event: 149.120 Thread 0x000001f5775f3c10 20548       3       java.util.stream.Nodes$FixedNodeBuilder::accept (61 bytes)
Event: 149.122 Thread 0x000001f5775f3c10 nmethod 20548 0x000001f54cee2488 code [0x000001f54cee26c0, 0x000001f54cee3630]
Event: 149.122 Thread 0x000001f5775f3c10 20549       3       org.codehaus.groovy.runtime.callsite.CallSiteArray$$Lambda/0x000001f5794f6288::apply (13 bytes)
Event: 149.122 Thread 0x000001f5775f3c10 nmethod 20549 0x000001f54cee3708 code [0x000001f54cee3820, 0x000001f54cee3978]

GC Heap History (20 events):
Event: 101.180 GC heap before
{Heap before GC invocations=73 (full 0):
 garbage-first heap   total reserved 8388608K, committed 233472K, used 211370K [0x0000000600000000, 0x0000000800000000)
  region size 4096K, 16 young (65536K), 3 survivors (12288K)
 Metaspace       used 116723K, committed 119168K, reserved 1179648K
  class space    used 16671K, committed 17792K, reserved 1048576K
}
Event: 101.207 GC heap after
{Heap after GC invocations=74 (full 0):
 garbage-first heap   total reserved 8388608K, committed 233472K, used 162788K [0x0000000600000000, 0x0000000800000000)
  region size 4096K, 2 young (8192K), 2 survivors (8192K)
 Metaspace       used 116723K, committed 119168K, reserved 1179648K
  class space    used 16671K, committed 17792K, reserved 1048576K
}
Event: 102.210 GC heap before
{Heap before GC invocations=74 (full 0):
 garbage-first heap   total reserved 8388608K, committed 233472K, used 203748K [0x0000000600000000, 0x0000000800000000)
  region size 4096K, 12 young (49152K), 2 survivors (8192K)
 Metaspace       used 121411K, committed 124288K, reserved 1179648K
  class space    used 17281K, committed 18624K, reserved 1048576K
}
Event: 102.234 GC heap after
{Heap after GC invocations=75 (full 0):
 garbage-first heap   total reserved 8388608K, committed 233472K, used 165343K [0x0000000600000000, 0x0000000800000000)
  region size 4096K, 1 young (4096K), 1 survivors (4096K)
 Metaspace       used 121411K, committed 124288K, reserved 1179648K
  class space    used 17281K, committed 18624K, reserved 1048576K
}
Event: 103.708 GC heap before
{Heap before GC invocations=76 (full 0):
 garbage-first heap   total reserved 8388608K, committed 282624K, used 210399K [0x0000000600000000, 0x0000000800000000)
  region size 4096K, 12 young (49152K), 1 survivors (4096K)
 Metaspace       used 126633K, committed 129408K, reserved 1179648K
  class space    used 18008K, committed 19328K, reserved 1048576K
}
Event: 103.718 GC heap after
{Heap after GC invocations=77 (full 0):
 garbage-first heap   total reserved 8388608K, committed 282624K, used 168091K [0x0000000600000000, 0x0000000800000000)
  region size 4096K, 2 young (8192K), 2 survivors (8192K)
 Metaspace       used 126633K, committed 129408K, reserved 1179648K
  class space    used 18008K, committed 19328K, reserved 1048576K
}
Event: 106.165 GC heap before
{Heap before GC invocations=77 (full 0):
 garbage-first heap   total reserved 8388608K, committed 282624K, used 245915K [0x0000000600000000, 0x0000000800000000)
  region size 4096K, 21 young (86016K), 2 survivors (8192K)
 Metaspace       used 129168K, committed 131968K, reserved 1179648K
  class space    used 18278K, committed 19584K, reserved 1048576K
}
Event: 106.187 GC heap after
{Heap after GC invocations=78 (full 0):
 garbage-first heap   total reserved 8388608K, committed 339968K, used 169133K [0x0000000600000000, 0x0000000800000000)
  region size 4096K, 3 young (12288K), 3 survivors (12288K)
 Metaspace       used 129168K, committed 131968K, reserved 1179648K
  class space    used 18278K, committed 19584K, reserved 1048576K
}
Event: 111.558 GC heap before
{Heap before GC invocations=78 (full 0):
 garbage-first heap   total reserved 8388608K, committed 339968K, used 271533K [0x0000000600000000, 0x0000000800000000)
  region size 4096K, 28 young (114688K), 3 survivors (12288K)
 Metaspace       used 135747K, committed 138624K, reserved 1179648K
  class space    used 19021K, committed 20416K, reserved 1048576K
}
Event: 111.581 GC heap after
{Heap after GC invocations=79 (full 0):
 garbage-first heap   total reserved 8388608K, committed 339968K, used 179564K [0x0000000600000000, 0x0000000800000000)
  region size 4096K, 4 young (16384K), 4 survivors (16384K)
 Metaspace       used 135747K, committed 138624K, reserved 1179648K
  class space    used 19021K, committed 20416K, reserved 1048576K
}
Event: 113.848 GC heap before
{Heap before GC invocations=79 (full 0):
 garbage-first heap   total reserved 8388608K, committed 339968K, used 277868K [0x0000000600000000, 0x0000000800000000)
  region size 4096K, 29 young (118784K), 4 survivors (16384K)
 Metaspace       used 149392K, committed 152256K, reserved 1179648K
  class space    used 20395K, committed 21760K, reserved 1048576K
}
Event: 113.887 GC heap after
{Heap after GC invocations=80 (full 0):
 garbage-first heap   total reserved 8388608K, committed 339968K, used 184264K [0x0000000600000000, 0x0000000800000000)
  region size 4096K, 2 young (8192K), 2 survivors (8192K)
 Metaspace       used 149392K, committed 152256K, reserved 1179648K
  class space    used 20395K, committed 21760K, reserved 1048576K
}
Event: 117.268 GC heap before
{Heap before GC invocations=80 (full 0):
 garbage-first heap   total reserved 8388608K, committed 339968K, used 290760K [0x0000000600000000, 0x0000000800000000)
  region size 4096K, 28 young (114688K), 2 survivors (8192K)
 Metaspace       used 157960K, committed 160896K, reserved 1245184K
  class space    used 21635K, committed 23040K, reserved 1048576K
}
Event: 117.282 GC heap after
{Heap after GC invocations=81 (full 0):
 garbage-first heap   total reserved 8388608K, committed 339968K, used 186868K [0x0000000600000000, 0x0000000800000000)
  region size 4096K, 3 young (12288K), 3 survivors (12288K)
 Metaspace       used 157960K, committed 160896K, reserved 1245184K
  class space    used 21635K, committed 23040K, reserved 1048576K
}
Event: 120.839 GC heap before
{Heap before GC invocations=81 (full 0):
 garbage-first heap   total reserved 8388608K, committed 339968K, used 293364K [0x0000000600000000, 0x0000000800000000)
  region size 4096K, 29 young (118784K), 3 survivors (12288K)
 Metaspace       used 164342K, committed 167360K, reserved 1245184K
  class space    used 22536K, committed 24000K, reserved 1048576K
}
Event: 120.874 GC heap after
{Heap after GC invocations=82 (full 0):
 garbage-first heap   total reserved 8388608K, committed 339968K, used 182498K [0x0000000600000000, 0x0000000800000000)
  region size 4096K, 4 young (16384K), 4 survivors (16384K)
 Metaspace       used 164342K, committed 167360K, reserved 1245184K
  class space    used 22536K, committed 24000K, reserved 1048576K
}
Event: 127.464 GC heap before
{Heap before GC invocations=82 (full 0):
 garbage-first heap   total reserved 8388608K, committed 339968K, used 297186K [0x0000000600000000, 0x0000000800000000)
  region size 4096K, 32 young (131072K), 4 survivors (16384K)
 Metaspace       used 168559K, committed 171648K, reserved 1245184K
  class space    used 23111K, committed 24576K, reserved 1048576K
}
Event: 127.543 GC heap after
{Heap after GC invocations=83 (full 0):
 garbage-first heap   total reserved 8388608K, committed 339968K, used 191329K [0x0000000600000000, 0x0000000800000000)
  region size 4096K, 4 young (16384K), 4 survivors (16384K)
 Metaspace       used 168559K, committed 171648K, reserved 1245184K
  class space    used 23111K, committed 24576K, reserved 1048576K
}
Event: 134.684 GC heap before
{Heap before GC invocations=83 (full 0):
 garbage-first heap   total reserved 8388608K, committed 339968K, used 301921K [0x0000000600000000, 0x0000000800000000)
  region size 4096K, 31 young (126976K), 4 survivors (16384K)
 Metaspace       used 174849K, committed 177920K, reserved 1245184K
  class space    used 23997K, committed 25472K, reserved 1048576K
}
Event: 134.749 GC heap after
{Heap after GC invocations=84 (full 0):
 garbage-first heap   total reserved 8388608K, committed 339968K, used 200052K [0x0000000600000000, 0x0000000800000000)
  region size 4096K, 3 young (12288K), 3 survivors (12288K)
 Metaspace       used 174849K, committed 177920K, reserved 1245184K
  class space    used 23997K, committed 25472K, reserved 1048576K
}

Dll operation events (15 events):
Event: 0.031 Loaded shared library C:\Program Files\Java\jdk-23\bin\java.dll
Event: 0.088 Loaded shared library C:\Program Files\Java\jdk-23\bin\jsvml.dll
Event: 0.229 Loaded shared library C:\Program Files\Java\jdk-23\bin\zip.dll
Event: 0.235 Loaded shared library C:\Program Files\Java\jdk-23\bin\instrument.dll
Event: 0.243 Loaded shared library C:\Program Files\Java\jdk-23\bin\net.dll
Event: 0.249 Loaded shared library C:\Program Files\Java\jdk-23\bin\nio.dll
Event: 0.256 Loaded shared library C:\Program Files\Java\jdk-23\bin\zip.dll
Event: 0.827 Loaded shared library C:\Program Files\Java\jdk-23\bin\jimage.dll
Event: 1.295 Loaded shared library C:\Program Files\Java\jdk-23\bin\verify.dll
Event: 1.631 Loaded shared library C:\Users\syahr\.gradle\native\1def1411415f61bf3af743bc5b6707747c0891f09f0c88961ee8f79bc544acac\windows-amd64\native-platform.dll
Event: 1.672 Loaded shared library C:\Users\syahr\.gradle\native\0.2.7\x86_64-windows-gnu\gradle-fileevents.dll
Event: 6.217 Loaded shared library C:\Program Files\Java\jdk-23\bin\management.dll
Event: 6.231 Loaded shared library C:\Program Files\Java\jdk-23\bin\management_ext.dll
Event: 6.609 Loaded shared library C:\Program Files\Java\jdk-23\bin\extnet.dll
Event: 7.922 Loaded shared library C:\Program Files\Java\jdk-23\bin\sunmscapi.dll

Deoptimization events (20 events):
Event: 140.873 Thread 0x000001f5be920500 DEOPT PACKING pc=0x000001f55b8507bc sp=0x0000006a65bf70e0
Event: 140.873 Thread 0x000001f5be920500 DEOPT UNPACKING pc=0x000001f55aeb7982 sp=0x0000006a65bf7090 mode 2
Event: 141.028 Thread 0x000001f5be920500 Uncommon trap: trap_request=0xffffff45 fr.pc=0x000001f55bd052e4 relative=0x0000000000000064
Event: 141.029 Thread 0x000001f5be920500 Uncommon trap: reason=unstable_if action=reinterpret pc=0x000001f55bd052e4 method=org.gradle.internal.lazy.UnsafeLazy.get()Ljava/lang/Object; @ 4 c2
Event: 141.029 Thread 0x000001f5be920500 DEOPT PACKING pc=0x000001f55bd052e4 sp=0x0000006a65bf65c0
Event: 141.029 Thread 0x000001f5be920500 DEOPT UNPACKING pc=0x000001f55aeb7982 sp=0x0000006a65bf6558 mode 2
Event: 141.899 Thread 0x000001f5be920500 DEOPT PACKING pc=0x000001f54cd8e1ac sp=0x0000006a65bf4660
Event: 141.899 Thread 0x000001f5be920500 DEOPT UNPACKING pc=0x000001f55aeb84c2 sp=0x0000006a65bf3b60 mode 0
Event: 143.491 Thread 0x000001f5be920500 Uncommon trap: trap_request=0xffffff45 fr.pc=0x000001f55bcdfbc8 relative=0x0000000000001508
Event: 143.491 Thread 0x000001f5be920500 Uncommon trap: reason=unstable_if action=reinterpret pc=0x000001f55bcdfbc8 method=org.gradle.api.internal.collections.SortedSetElementSource.removeByProvider(Lorg/gradle/api/internal/provider/ProviderInternal;)Z @ 16 c2
Event: 143.491 Thread 0x000001f5be920500 DEOPT PACKING pc=0x000001f55bcdfbc8 sp=0x0000006a65bf3b00
Event: 143.491 Thread 0x000001f5be920500 DEOPT UNPACKING pc=0x000001f55aeb7982 sp=0x0000006a65bf3ae0 mode 2
Event: 144.438 Thread 0x000001f5be920500 DEOPT PACKING pc=0x000001f54b1a5c65 sp=0x0000006a65bf31f0
Event: 144.438 Thread 0x000001f5be920500 DEOPT UNPACKING pc=0x000001f55aeb84c2 sp=0x0000006a65bf26e0 mode 0
Event: 144.565 Thread 0x000001f5be920500 Uncommon trap: trap_request=0xfffffff4 fr.pc=0x000001f55bd09340 relative=0x0000000000000120
Event: 144.565 Thread 0x000001f5be920500 Uncommon trap: reason=null_check action=make_not_entrant pc=0x000001f55bd09340 method=org.gradle.api.internal.collections.CollectionFilter.filter(Ljava/lang/Object;)Ljava/lang/Object; @ 5 c2
Event: 144.566 Thread 0x000001f5be920500 DEOPT PACKING pc=0x000001f55bd09340 sp=0x0000006a65bf2e40
Event: 144.566 Thread 0x000001f5be920500 DEOPT UNPACKING pc=0x000001f55aeb7982 sp=0x0000006a65bf2de0 mode 2
Event: 146.672 Thread 0x000001f5be920500 DEOPT PACKING pc=0x000001f54cd8e1ac sp=0x0000006a65bf44c0
Event: 146.672 Thread 0x000001f5be920500 DEOPT UNPACKING pc=0x000001f55aeb84c2 sp=0x0000006a65bf39c0 mode 0

Classes loaded (20 events):
Event: 131.298 Loading class java/lang/Throwable$PrintStreamOrWriter done
Event: 131.298 Loading class java/lang/Throwable$WrappedPrintWriter done
Event: 131.304 Loading class java/lang/StackTraceElement$HashedModules
Event: 131.304 Loading class java/lang/StackTraceElement$HashedModules done
Event: 131.403 Loading class sun/reflect/misc/MethodUtil
Event: 131.404 Loading class sun/reflect/misc/MethodUtil done
Event: 131.406 Loading class sun/reflect/misc/MethodUtil$1
Event: 131.406 Loading class sun/reflect/misc/MethodUtil$1 done
Event: 132.653 Loading class java/util/logging/LogRecord
Event: 132.655 Loading class java/util/logging/LogRecord done
Event: 133.958 Loading class java/util/Collections$EmptyListIterator
Event: 133.961 Loading class java/util/Collections$EmptyListIterator done
Event: 134.617 Loading class java/time/Instant$1
Event: 134.618 Loading class java/time/Instant$1 done
Event: 134.809 Loading class java/net/UrlDeserializedState
Event: 134.810 Loading class java/net/UrlDeserializedState done
Event: 134.821 Loading class java/util/concurrent/CompletableFuture$AsyncRun
Event: 134.823 Loading class java/util/concurrent/CompletableFuture$AsyncRun done
Event: 139.910 Loading class jdk/internal/math/FormattedFPDecimal
Event: 139.915 Loading class jdk/internal/math/FormattedFPDecimal done

Classes unloaded (0 events):
No events

Classes redefined (0 events):
No events

Internal exceptions (20 events):
Event: 134.385 Thread 0x000001f5be920500 Exception <a 'sun/nio/fs/WindowsException'{0x000000060e601850}> (0x000000060e601850) 
thrown [s\open\src\hotspot\share\prims\jni.cpp, line 520]
Event: 134.414 Thread 0x000001f5be920500 Implicit null exception at 0x000001f55bc12ef7 to 0x000001f55bc1b284
Event: 134.808 Thread 0x000001f5bea33470 Exception <a 'java/lang/NoSuchMethodError'{0x000000061441e390}: static Lorg/gradle/internal/classloader/ClassLoaderSpec;.<clinit>()V> (0x000000061441e390) 
thrown [s\open\src\hotspot\share\prims\jni.cpp, line 1111]
Event: 134.808 Thread 0x000001f5bea33470 Exception <a 'java/lang/NoSuchMethodError'{0x0000000614427868}: static Lorg/gradle/internal/classloader/VisitableURLClassLoader$Spec;.<clinit>()V> (0x0000000614427868) 
thrown [s\open\src\hotspot\share\prims\jni.cpp, line 1111]
Event: 134.875 Thread 0x000001f5d3069eb0 Exception <a 'sun/nio/fs/WindowsException'{0x0000000614494758}> (0x0000000614494758) 
thrown [s\open\src\hotspot\share\prims\jni.cpp, line 520]
Event: 140.622 Thread 0x000001f5be920500 Exception <a 'java/lang/ClassNotFoundException'{0x000000061419f868}: init_ci5jqmd5uefjxuwe1pdsjbo2oBeanInfo> (0x000000061419f868) 
thrown [s\open\src\hotspot\share\classfile\systemDictionary.cpp, line 313]
Event: 140.625 Thread 0x000001f5be920500 Exception <a 'java/lang/ClassNotFoundException'{0x00000006141a5860}: init_ci5jqmd5uefjxuwe1pdsjbo2oCustomizer> (0x00000006141a5860) 
thrown [s\open\src\hotspot\share\classfile\systemDictionary.cpp, line 313]
Event: 140.721 Thread 0x000001f5be920500 Exception <a 'sun/nio/fs/WindowsException'{0x00000006141e72c0}> (0x00000006141e72c0) 
thrown [s\open\src\hotspot\share\prims\jni.cpp, line 520]
Event: 140.724 Thread 0x000001f5be920500 Exception <a 'sun/nio/fs/WindowsException'{0x00000006141e87a0}> (0x00000006141e87a0) 
thrown [s\open\src\hotspot\share\prims\jni.cpp, line 520]
Event: 140.725 Thread 0x000001f5be920500 Exception <a 'sun/nio/fs/WindowsException'{0x00000006141e9c70}> (0x00000006141e9c70) 
thrown [s\open\src\hotspot\share\prims\jni.cpp, line 520]
Event: 140.725 Thread 0x000001f5be920500 Exception <a 'sun/nio/fs/WindowsException'{0x00000006141ead38}> (0x00000006141ead38) 
thrown [s\open\src\hotspot\share\prims\jni.cpp, line 520]
Event: 140.902 Thread 0x000001f5be920500 Exception <a 'sun/nio/fs/WindowsException'{0x00000006142c9198}> (0x00000006142c9198) 
thrown [s\open\src\hotspot\share\prims\jni.cpp, line 520]
Event: 140.903 Thread 0x000001f5be920500 Exception <a 'sun/nio/fs/WindowsException'{0x00000006142cae88}> (0x00000006142cae88) 
thrown [s\open\src\hotspot\share\prims\jni.cpp, line 520]
Event: 140.903 Thread 0x000001f5be920500 Exception <a 'sun/nio/fs/WindowsException'{0x00000006142ccb68}> (0x00000006142ccb68) 
thrown [s\open\src\hotspot\share\prims\jni.cpp, line 520]
Event: 140.904 Thread 0x000001f5be920500 Exception <a 'sun/nio/fs/WindowsException'{0x00000006142ce440}> (0x00000006142ce440) 
thrown [s\open\src\hotspot\share\prims\jni.cpp, line 520]
Event: 144.565 Thread 0x000001f5be920500 Implicit null exception at 0x000001f55bd0925d to 0x000001f55bd0932c
Event: 149.024 Thread 0x000001f5be920500 Exception <a 'java/lang/ClassNotFoundException'{0x000000061171dc78}: GradleAnnotationProcessorPatchPluginBeanInfo> (0x000000061171dc78) 
thrown [s\open\src\hotspot\share\classfile\systemDictionary.cpp, line 313]
Event: 149.030 Thread 0x000001f5be920500 Exception <a 'java/lang/ClassNotFoundException'{0x000000061172b560}: GradleAnnotationProcessorPatchPluginCustomizer> (0x000000061172b560) 
thrown [s\open\src\hotspot\share\classfile\systemDictionary.cpp, line 313]
Event: 149.073 Thread 0x000001f5be920500 Exception <a 'java/lang/ClassNotFoundException'{0x000000061175b5b8}: GradleAnnotationProcessorPatchPlugin$AnnotationProcessorModelBuilderBeanInfo> (0x000000061175b5b8) 
thrown [s\open\src\hotspot\share\classfile\systemDictionary.cpp, line 313]
Event: 149.081 Thread 0x000001f5be920500 Exception <a 'java/lang/ClassNotFoundException'{0x0000000611769080}: GradleAnnotationProcessorPatchPlugin$AnnotationProcessorModelBuilderCustomizer> (0x0000000611769080) 
thrown [s\open\src\hotspot\share\classfile\systemDictionary.cpp, line 313]

VM Operations (20 events):
Event: 120.477 Executing VM operation: RendezvousGCThreads
Event: 120.477 Executing VM operation: RendezvousGCThreads done
Event: 120.839 Executing VM operation: G1CollectForAllocation (G1 Evacuation Pause)
Event: 120.874 Executing VM operation: G1CollectForAllocation (G1 Evacuation Pause) done
Event: 122.696 Executing VM operation: HandshakeAllThreads (Deoptimize)
Event: 122.696 Executing VM operation: HandshakeAllThreads (Deoptimize) done
Event: 127.464 Executing VM operation: G1CollectForAllocation (G1 Evacuation Pause)
Event: 127.543 Executing VM operation: G1CollectForAllocation (G1 Evacuation Pause) done
Event: 130.327 Executing VM operation: HandshakeAllThreads (Deoptimize)
Event: 130.327 Executing VM operation: HandshakeAllThreads (Deoptimize) done
Event: 130.402 Executing VM operation: HandshakeAllThreads (Deoptimize)
Event: 130.402 Executing VM operation: HandshakeAllThreads (Deoptimize) done
Event: 130.417 Executing VM operation: HandshakeAllThreads (Deoptimize)
Event: 130.418 Executing VM operation: HandshakeAllThreads (Deoptimize) done
Event: 133.406 Executing VM operation: HandshakeAllThreads (Deoptimize)
Event: 133.407 Executing VM operation: HandshakeAllThreads (Deoptimize) done
Event: 133.918 Executing VM operation: HandshakeAllThreads (Deoptimize)
Event: 133.918 Executing VM operation: HandshakeAllThreads (Deoptimize) done
Event: 134.683 Executing VM operation: G1CollectForAllocation (G1 Evacuation Pause)
Event: 134.749 Executing VM operation: G1CollectForAllocation (G1 Evacuation Pause) done

Memory protections (0 events):
No events

Nmethod flushes (20 events):
Event: 103.123 Thread 0x000001f5775c71e0 flushing  nmethod 0x000001f55b878688
Event: 103.123 Thread 0x000001f5775c71e0 flushing  nmethod 0x000001f54b1ba208
Event: 103.123 Thread 0x000001f5775c71e0 flushing  nmethod 0x000001f54b1d6d88
Event: 103.123 Thread 0x000001f5775c71e0 flushing  nmethod 0x000001f54b296d08
Event: 103.123 Thread 0x000001f5775c71e0 flushing  nmethod 0x000001f54b2a8108
Event: 103.123 Thread 0x000001f5775c71e0 flushing  nmethod 0x000001f54b2d1488
Event: 103.124 Thread 0x000001f5775c71e0 flushing  nmethod 0x000001f54b3cc608
Event: 103.124 Thread 0x000001f5775c71e0 flushing  nmethod 0x000001f54b42f688
Event: 103.124 Thread 0x000001f5775c71e0 flushing  nmethod 0x000001f54b4cd588
Event: 103.124 Thread 0x000001f5775c71e0 flushing  nmethod 0x000001f54b4ed088
Event: 103.124 Thread 0x000001f5775c71e0 flushing  nmethod 0x000001f54b516888
Event: 103.124 Thread 0x000001f5775c71e0 flushing  nmethod 0x000001f54b518a08
Event: 103.124 Thread 0x000001f5775c71e0 flushing  nmethod 0x000001f54b519288
Event: 103.124 Thread 0x000001f5775c71e0 flushing  nmethod 0x000001f54b613e08
Event: 103.124 Thread 0x000001f5775c71e0 flushing  nmethod 0x000001f54b6cc308
Event: 103.124 Thread 0x000001f5775c71e0 flushing  nmethod 0x000001f54b79ba88
Event: 103.124 Thread 0x000001f5775c71e0 flushing  nmethod 0x000001f54b817088
Event: 103.124 Thread 0x000001f5775c71e0 flushing  nmethod 0x000001f54b924588
Event: 103.124 Thread 0x000001f5775c71e0 flushing  nmethod 0x000001f54bc8b388
Event: 103.124 Thread 0x000001f5775c71e0 flushing osr nmethod 0x000001f54bf86408

Events (20 events):
Event: 134.829 Thread 0x000001f5bea45b80 Thread exited: 0x000001f5bea45b80
Event: 135.161 Thread 0x000001f5bda1b960 Thread exited: 0x000001f5bda1b960
Event: 139.857 Thread 0x000001f5bea33470 Thread added: 0x000001f5d3067de0
Event: 139.881 Thread 0x000001f5bea33470 Thread added: 0x000001f5d3068470
Event: 139.900 Thread 0x000001f5be920500 Thread added: 0x000001f5d306c610
Event: 139.921 Thread 0x000001f5be920500 Thread added: 0x000001f5d306d9c0
Event: 139.922 Thread 0x000001f5be920500 Thread added: 0x000001f5d30714d0
Event: 140.097 Thread 0x000001f5be920500 Thread added: 0x000001f5d306e050
Event: 140.137 Thread 0x000001f5be920500 Thread added: 0x000001f5d3071b60
Event: 140.664 Thread 0x000001f5be920500 Thread added: 0x000001f5d306e6e0
Event: 140.780 Thread 0x000001f5be920500 Thread added: 0x000001f5d30742c0
Event: 140.786 Thread 0x000001f5be920500 Thread added: 0x000001f5d30721f0
Event: 140.849 Thread 0x000001f5be920500 Thread added: 0x000001f5d3072f10
Event: 142.458 Thread 0x000001f5be920500 Thread added: 0x000001f5c067a220
Event: 142.462 Thread 0x000001f5be920500 Thread added: 0x000001f5c0677430
Event: 142.462 Thread 0x000001f5be920500 Thread added: 0x000001f5c0676da0
Event: 142.681 Thread 0x000001f5be920500 Thread added: 0x000001f5c067af40
Event: 142.682 Thread 0x000001f5be920500 Thread added: 0x000001f5c0678e70
Event: 142.685 Thread 0x000001f5be920500 Thread added: 0x000001f5c0677ac0
Event: 143.902 Thread 0x000001f5be920500 Thread added: 0x000001f5c067b5d0


Dynamic libraries:
0x00007ff72f330000 - 0x00007ff72f340000 	C:\Program Files\Java\jdk-23\bin\java.exe
0x00007ffd2af20000 - 0x00007ffd2b187000 	C:\WINDOWS\SYSTEM32\ntdll.dll
0x00007ffd29f90000 - 0x00007ffd2a059000 	C:\WINDOWS\System32\KERNEL32.DLL
0x00007ffd286c0000 - 0x00007ffd28ab1000 	C:\WINDOWS\System32\KERNELBASE.dll
0x00007ffd282a0000 - 0x00007ffd283eb000 	C:\WINDOWS\System32\ucrtbase.dll
0x00007ffd0c1a0000 - 0x00007ffd0c1b7000 	C:\Program Files\Java\jdk-23\bin\jli.dll
0x00007ffd1ab60000 - 0x00007ffd1ab7b000 	C:\Program Files\Java\jdk-23\bin\VCRUNTIME140.dll
0x00007ffd298d0000 - 0x00007ffd29a95000 	C:\WINDOWS\System32\USER32.dll
0x00007ffd285e0000 - 0x00007ffd28607000 	C:\WINDOWS\System32\win32u.dll
0x00007ffd12380000 - 0x00007ffd12613000 	C:\WINDOWS\WinSxS\amd64_microsoft.windows.common-controls_6595b64144ccf1df_6.0.26100.8037_none_3e092faae333b53b\COMCTL32.dll
0x00007ffd29f50000 - 0x00007ffd29f7b000 	C:\WINDOWS\System32\GDI32.dll
0x00007ffd283f0000 - 0x00007ffd2851b000 	C:\WINDOWS\System32\gdi32full.dll
0x00007ffd2aa00000 - 0x00007ffd2aaa9000 	C:\WINDOWS\System32\msvcrt.dll
0x00007ffd27800000 - 0x00007ffd278a3000 	C:\WINDOWS\System32\msvcp_win.dll
0x00007ffd2aea0000 - 0x00007ffd2aed1000 	C:\WINDOWS\System32\IMM32.DLL
0x00007ffd1b970000 - 0x00007ffd1b97c000 	C:\Program Files\Java\jdk-23\bin\vcruntime140_1.dll
0x00007ffcd09e0000 - 0x00007ffcd0a6e000 	C:\Program Files\Java\jdk-23\bin\msvcp140.dll
0x00007ffc702f0000 - 0x00007ffc7103f000 	C:\Program Files\Java\jdk-23\bin\server\jvm.dll
0x00007ffd29810000 - 0x00007ffd298cb000 	C:\WINDOWS\System32\ADVAPI32.dll
0x00007ffd2a950000 - 0x00007ffd2a9f7000 	C:\WINDOWS\System32\sechost.dll
0x00007ffd29bf0000 - 0x00007ffd29d08000 	C:\WINDOWS\System32\RPCRT4.dll
0x00007ffd2a8d0000 - 0x00007ffd2a944000 	C:\WINDOWS\System32\WS2_32.dll
0x00007ffd27680000 - 0x00007ffd276de000 	C:\WINDOWS\SYSTEM32\POWRPROF.dll
0x00007ffd14870000 - 0x00007ffd148a5000 	C:\WINDOWS\SYSTEM32\WINMM.dll
0x00007ffd198e0000 - 0x00007ffd198eb000 	C:\WINDOWS\SYSTEM32\VERSION.dll
0x00007ffd27660000 - 0x00007ffd27674000 	C:\WINDOWS\SYSTEM32\UMPDC.dll
0x00007ffd26570000 - 0x00007ffd2658b000 	C:\WINDOWS\SYSTEM32\kernel.appcore.dll
0x00007ffd1b500000 - 0x00007ffd1b50a000 	C:\Program Files\Java\jdk-23\bin\jimage.dll
0x00007ffd25570000 - 0x00007ffd257b2000 	C:\WINDOWS\SYSTEM32\DBGHELP.DLL
0x00007ffd28cd0000 - 0x00007ffd29052000 	C:\WINDOWS\System32\combase.dll
0x00007ffd29aa0000 - 0x00007ffd29b77000 	C:\WINDOWS\System32\OLEAUT32.dll
0x00007ffd179a0000 - 0x00007ffd179db000 	C:\WINDOWS\SYSTEM32\dbgcore.DLL
0x00007ffd28610000 - 0x00007ffd286b5000 	C:\WINDOWS\System32\bcryptPrimitives.dll
0x00007ffd22e10000 - 0x00007ffd22e1f000 	C:\Program Files\Java\jdk-23\bin\instrument.dll
0x00007ffd00210000 - 0x00007ffd0022e000 	C:\Program Files\Java\jdk-23\bin\java.dll
0x00007ffd29db0000 - 0x00007ffd29f45000 	C:\WINDOWS\System32\ole32.dll
0x00007ffd2a060000 - 0x00007ffd2a7bf000 	C:\WINDOWS\System32\SHELL32.dll
0x00007ffd28b50000 - 0x00007ffd28cba000 	C:\WINDOWS\System32\wintypes.dll
0x00007ffd278b0000 - 0x00007ffd28114000 	C:\WINDOWS\System32\windows.storage.dll
0x00007ffd2ada0000 - 0x00007ffd2ae97000 	C:\WINDOWS\System32\SHCORE.dll
0x00007ffd2aaf0000 - 0x00007ffd2ab57000 	C:\WINDOWS\System32\shlwapi.dll
0x00007ffd27720000 - 0x00007ffd27749000 	C:\WINDOWS\SYSTEM32\profapi.dll
0x00007ffcbf030000 - 0x00007ffcbf107000 	C:\Program Files\Java\jdk-23\bin\jsvml.dll
0x00007ffd1b3b0000 - 0x00007ffd1b3c7000 	C:\Program Files\Java\jdk-23\bin\zip.dll
0x00007ffd1b3a0000 - 0x00007ffd1b3b0000 	C:\Program Files\Java\jdk-23\bin\net.dll
0x00007ffd26b00000 - 0x00007ffd26b6b000 	C:\WINDOWS\system32\mswsock.dll
0x00007ffd001f0000 - 0x00007ffd00206000 	C:\Program Files\Java\jdk-23\bin\nio.dll
0x00007ffd14980000 - 0x00007ffd14990000 	C:\Program Files\Java\jdk-23\bin\verify.dll
0x00007ffd1b510000 - 0x00007ffd1b537000 	C:\Users\syahr\.gradle\native\1def1411415f61bf3af743bc5b6707747c0891f09f0c88961ee8f79bc544acac\windows-amd64\native-platform.dll
0x00007ffccfc90000 - 0x00007ffccfd08000 	C:\Users\syahr\.gradle\native\0.2.7\x86_64-windows-gnu\gradle-fileevents.dll
0x00007ffd0c870000 - 0x00007ffd0c87a000 	C:\Program Files\Java\jdk-23\bin\management.dll
0x00007ffd04b00000 - 0x00007ffd04b0b000 	C:\Program Files\Java\jdk-23\bin\management_ext.dll
0x00007ffd28cc0000 - 0x00007ffd28cc8000 	C:\WINDOWS\System32\PSAPI.DLL
0x00007ffd25fe0000 - 0x00007ffd26013000 	C:\WINDOWS\SYSTEM32\IPHLPAPI.DLL
0x00007ffd2aab0000 - 0x00007ffd2aaba000 	C:\WINDOWS\System32\NSI.dll
0x00007ffd02800000 - 0x00007ffd02809000 	C:\Program Files\Java\jdk-23\bin\extnet.dll
0x00007ffd26de0000 - 0x00007ffd26dfb000 	C:\WINDOWS\SYSTEM32\CRYPTSP.dll
0x00007ffd264d0000 - 0x00007ffd26509000 	C:\WINDOWS\system32\rsaenh.dll
0x00007ffd26bb0000 - 0x00007ffd26be2000 	C:\WINDOWS\SYSTEM32\USERENV.dll
0x00007ffd276f0000 - 0x00007ffd2771a000 	C:\WINDOWS\SYSTEM32\bcrypt.dll
0x00007ffd26e00000 - 0x00007ffd26e0c000 	C:\WINDOWS\SYSTEM32\CRYPTBASE.dll
0x00007ffd21870000 - 0x00007ffd2187e000 	C:\Program Files\Java\jdk-23\bin\sunmscapi.dll
0x00007ffd28120000 - 0x00007ffd28297000 	C:\WINDOWS\System32\CRYPT32.dll
0x00007ffd27000000 - 0x00007ffd27030000 	C:\WINDOWS\SYSTEM32\ncrypt.dll
0x00007ffd26fb0000 - 0x00007ffd26fef000 	C:\WINDOWS\SYSTEM32\NTASN1.dll
0x00007ffcfc030000 - 0x00007ffcfc038000 	C:\WINDOWS\system32\wshunix.dll
0x00007ffd10540000 - 0x00007ffd10558000 	C:\WINDOWS\system32\napinsp.dll
0x00007ffd26040000 - 0x00007ffd2616a000 	C:\WINDOWS\SYSTEM32\DNSAPI.dll
0x00007ffd0da30000 - 0x00007ffd0da42000 	C:\WINDOWS\System32\winrnr.dll
0x00007ffd0b2a0000 - 0x00007ffd0b2c2000 	C:\WINDOWS\system32\nlansp_c.dll
0x00007ffd199b0000 - 0x00007ffd199c6000 	C:\WINDOWS\system32\wshbth.dll
0x00007ffd1f9e0000 - 0x00007ffd1f9eb000 	C:\Windows\System32\rasadhlp.dll
0x00007ffd18aa0000 - 0x00007ffd18b26000 	C:\WINDOWS\System32\fwpuclnt.dll

dbghelp: loaded successfully - version: 4.0.5 - missing functions: none
symbol engine: initialized successfully - sym options: 0x614 - pdb path: .;C:\Program Files\Java\jdk-23\bin;C:\WINDOWS\SYSTEM32;C:\WINDOWS\WinSxS\amd64_microsoft.windows.common-controls_6595b64144ccf1df_6.0.26100.8037_none_3e092faae333b53b;C:\Program Files\Java\jdk-23\bin\server;C:\Users\syahr\.gradle\native\1def1411415f61bf3af743bc5b6707747c0891f09f0c88961ee8f79bc544acac\windows-amd64;C:\Users\syahr\.gradle\native\0.2.7\x86_64-windows-gnu

VM Arguments:
jvm_args: --add-opens=java.base/java.lang=ALL-UNNAMED --add-opens=java.base/java.lang.invoke=ALL-UNNAMED --add-opens=java.base/java.util=ALL-UNNAMED --add-opens=java.prefs/java.util.prefs=ALL-UNNAMED --add-exports=jdk.compiler/com.sun.tools.javac.api=ALL-UNNAMED --add-exports=jdk.compiler/com.sun.tools.javac.util=ALL-UNNAMED --add-opens=java.base/java.util=ALL-UNNAMED --add-opens=java.prefs/java.util.prefs=ALL-UNNAMED --add-opens=java.base/java.nio.charset=ALL-UNNAMED --add-opens=java.base/java.net=ALL-UNNAMED --add-opens=java.base/java.util.concurrent.atomic=ALL-UNNAMED --add-opens=java.xml/javax.xml.namespace=ALL-UNNAMED -XX:MaxMetaspaceSize=4G -XX:ReservedCodeCacheSize=512m -XX:+HeapDumpOnOutOfMemoryError -Xmx8G -Dfile.encoding=UTF-8 -Duser.country=US -Duser.language=en -Duser.variant -javaagent:C:\Users\syahr\.gradle\wrapper\dists\gradle-8.14-all\c2qonpi39x1mddn7hk5gh9iqj\gradle-8.14\lib\agents\gradle-instrumentation-agent-8.14.jar 
java_command: org.gradle.launcher.daemon.bootstrap.GradleDaemon 8.14
java_class_path (initial): C:\Users\syahr\.gradle\wrapper\dists\gradle-8.14-all\c2qonpi39x1mddn7hk5gh9iqj\gradle-8.14\lib\gradle-daemon-main-8.14.jar
Launcher Type: SUN_STANDARD

[Global flags]
     intx CICompilerCount                          = 3                                         {product} {ergonomic}
     uint ConcGCThreads                            = 1                                         {product} {ergonomic}
     uint G1ConcRefinementThreads                  = 4                                         {product} {ergonomic}
   size_t G1HeapRegionSize                         = 4194304                                   {product} {ergonomic}
     bool HeapDumpOnOutOfMemoryError               = true                                   {manageable} {command line}
   size_t InitialHeapSize                          = 62914560                                  {product} {ergonomic}
   size_t MarkStackSize                            = 4194304                                   {product} {ergonomic}
   size_t MarkStackSizeMax                         = 536870912                                 {product} {ergonomic}
   size_t MaxHeapSize                              = 8589934592                                {product} {command line}
   size_t MaxMetaspaceSize                         = 4294967296                                {product} {command line}
   size_t MaxNewSize                               = 5150605312                                {product} {ergonomic}
   size_t MinHeapDeltaBytes                        = 4194304                                   {product} {ergonomic}
   size_t MinHeapSize                              = 8388608                                   {product} {ergonomic}
    uintx NonNMethodCodeHeapSize                   = 5832704                                {pd product} {ergonomic}
    uintx NonProfiledCodeHeapSize                  = 265551872                              {pd product} {ergonomic}
    uintx ProfiledCodeHeapSize                     = 265486336                              {pd product} {ergonomic}
    uintx ReservedCodeCacheSize                    = 536870912                              {pd product} {command line, ergonomic}
     bool SegmentedCodeCache                       = true                                      {product} {ergonomic}
   size_t SoftMaxHeapSize                          = 8589934592                             {manageable} {ergonomic}
     bool UseCompressedOops                        = true                           {product lp64_product} {ergonomic}
     bool UseG1GC                                  = true                                      {product} {ergonomic}
     bool UseLargePagesIndividualAllocation        = false                                  {pd product} {ergonomic}

Logging:
Log output configuration:
 #0: stdout all=warning uptime,level,tags foldmultilines=false
 #1: stderr all=off uptime,level,tags foldmultilines=false

Environment Variables:
PATH=C:\Users\syahr\AppData\Local\Programs\Microsoft VS Code;C:\Program Files\Common Files\Oracle\Java\javapath;C:\WINDOWS\system32;C:\WINDOWS;C:\WINDOWS\System32\Wbem;C:\WINDOWS\System32\WindowsPowerShell\v1.0\;C:\WINDOWS\System32\OpenSSH\;C:\Program Files\Git\cmd;C:\Program Files\MySQL\MySQL Server 8.0\bin;C:\Program Files\dotnet\;C:\Users\syahr\AppData\Local\Programs\Python\Launcher\;C:\Users\syahr\AppData\Local\Programs\Python\Python313\Scripts\;C:\Users\syahr\AppData\Local\Programs\Python\Python313\;C:\Users\syahr\AppData\Local\Microsoft\WindowsApps;C:\Users\syahr\AppData\Local\Programs\Microsoft VS Code\bin;C:\src\flutter\bin
USERNAME=syahr
OS=Windows_NT
PROCESSOR_IDENTIFIER=Intel64 Family 6 Model 126 Stepping 5, GenuineIntel
TMP=C:\Users\syahr\AppData\Local\Temp
TEMP=C:\Users\syahr\AppData\Local\Temp




Periodic native trim disabled

---------------  S Y S T E M  ---------------

OS:
 Windows 11 , 64 bit Build 26100 (10.0.26100.7920)
OS uptime: 8 days 4:56 hours
Hyper-V role detected

CPU: total 4 (initial active 4) (2 cores per cpu, 2 threads per core) family 6 model 126 stepping 5 microcode 0xa0, cx8, cmov, fxsr, ht, mmx, 3dnowpref, sse, sse2, sse3, ssse3, sse4.1, sse4.2, popcnt, lzcnt, tsc, tscinvbit, avx, avx2, aes, erms, clmul, bmi1, bmi2, adx, avx512f, avx512dq, avx512cd, avx512bw, avx512vl, sha, fma, vzeroupper, avx512_vpopcntdq, avx512_vpclmulqdq, avx512_vaes, avx512_vnni, clflush, clflushopt, avx512_vbmi2, avx512_vbmi, hv, rdtscp, rdpid, fsrm, gfni, avx512_bitalg, f16c, avx512_ifma
Processor Information for the first 4 processors :
  Max Mhz: 1201, Current Mhz: 1201, Mhz Limit: 1201

Memory: 4k page, system-wide physical 3836M (124M free)
TotalPageFile size 15612M (AvailPageFile size 0M)
current process WorkingSet (physical memory assigned to process): 198M, peak: 507M
current process commit charge ("private bytes"): 786M, peak: 793M

vm_info: Java HotSpot(TM) 64-Bit Server VM (23+37-2369) for windows-amd64 JRE (23+37-2369), built on 2024-08-20T16:01:23Z with MS VC++ 17.6 (VS2022)

END.
